INFO         | Android emulator version 36.5.11.0 (build_id 15261927) (CL:N/A)
INFO         | Graphics backend: gfxstream
INFO         | Found systemPath C:\Users\User\AppData\Local\Android\Sdk\system-images\android-37.1\google_apis_playstore_ps16k\x86_64\
WARNING      | Please update the emulator to one that supports the feature(s): VulkanVirtualQueue
INFO         | IPv4 server found: 100.100.1.1
INFO         | Ignore IPv6 address: e06d:3c91:1a02:0:e06d:3c91:1a02:0
INFO         | Ignore IPv6 address: e06d:3c91:1a02:0:e06d:3c91:1a02:0
INFO         | Ignore IPv6 address: e06d:3c91:1a02:0:e06d:3c91:1a02:0
INFO         | Ignore IPv6 address: 1074:3c91:1a02:0:e06d:3c91:1a02:0
INFO         | Ignore IPv6 address: 1074:3c91:1a02:0:e06d:3c91:1a02:0
INFO         | Ignore IPv6 address: 1074:3c91:1a02:0:e06d:3c91:1a02:0
INFO         | Ignore IPv6 address: 407a:3c91:1a02:0:e06d:3c91:1a02:0
INFO         | Ignore IPv6 address: 407a:3c91:1a02:0:e06d:3c91:1a02:0
INFO         | Ignore IPv6 address: 407a:3c91:1a02:0:e06d:3c91:1a02:0
INFO         | Ignore IPv6 address: 7880:3c91:1a02:0:e06d:3c91:1a02:0
INFO         | Ignore IPv6 address: 7880:3c91:1a02:0:e06d:3c91:1a02:0
INFO         | Ignore IPv6 address: a088:3c91:1a02:0:e06d:3c91:1a02:0
INFO         | Ignore IPv6 address: a088:3c91:1a02:0:e06d:3c91:1a02:0
INFO         | Ignore IPv6 address: a088:3c91:1a02:0:e06d:3c91:1a02:0
INFO         | Ignore IPv6 address: c08e:3c91:1a02:0:e06d:3c91:1a02:0
INFO         | Ignore IPv6 address: c08e:3c91:1a02:0:e06d:3c91:1a02:0
INFO         | Ignore IPv6 address: c08e:3c91:1a02:0:e06d:3c91:1a02:0
INFO         | Guest GLES Driver: Auto (ext controls)
INFO         | emuglConfig_init: vulkan_mode_selected:swiftshader gles_mode_selected:swiftshader
INFO         | Checking system compatibility:
INFO         |   Checking: hasCompatibleHypervisor
INFO         |      Ok: Hypervisor compatibility to run avd: `Medium_Phone` are met
INFO         |   Checking: hasSufficientSystem
INFO         |      Ok: System requirements to run avd: `Medium_Phone` are met
INFO         |   Checking: hasSufficientHwGpu
INFO         |      Ok: Hardware GPU compatibility checks are not required
INFO         |   Checking: hasSufficientDiskSpace
INFO         |      Ok: Disk space requirements to run avd: `Medium_Phone` are met
ERROR        | x86_64 emulation currently requires hardware acceleration!
CPU acceleration status: Android Emulator hypervisor driver is not installed on this machine
More info on configuring VM acceleration on Windows:
https://developer.android.com/studio/run/emulator-acceleration#vm-windows
General information on acceleration: https://developer.android.com/studio/run/emulator-acceleration.

